// Jest Snapshot v1, https://goo.gl/fbAQLP

exports[`shoud correct render comp 1`] = `
<div
  className="sc-bdVaJa fjjTqK"
/>
`;

exports[`shoud correct render comp 2`] = `
<div
  className="aa sc-bwzfXH fsBqau"
>
  hello
</div>
`;

exports[`shoud correct render comp 3`] = `
<i
  className="aaa sc-htpNat bpNkmf"
  style={
    Object {
      "backgroundImage": "url(https://www.tmall.com)",
    }
  }
/>
`;
